{
	"PartyModel": {
		"basic stress tests": [
			"T4Ah8IEAAhCAhgAQQEAAAAAAAICMiQAACA",
			"fAAAiIHBivLm4yEgARogEAAAKBhgiA0",
			"UoQH4IdnQAKDocJQRMzAFM4CDJCEIjAAEcoI",
			"gwABh43jgfZkaRJWsDgQBgUTAAAggAI",
			"ciJAIAMAEMAfAElMBEh-MEgD9IiIhANADA",
			"kQC4AbM1_oJ4wADBJ4iRu0c",
			"XhBGMAQwZsCI8ewhioAGYAAARP0xAgCA",
			"eQAAEIHHgpICDRA-ABsAAgQMAQ",
			"IkBAAAAAgIA7wKjiKAZgsAQAACSCQAAABA",
			"FxBAgCCgCugSAikIYkcIGAgOBABA",
			"chDgOAAAAMAAAAwMBEg8BhKAAAGABIAB",
			"dACc5IsEgUce8C1IASEAg0BWCAYIBQ",
			"M9gnfxyY4RCDKMUWlhAyKOKBB6B2JmYASw",
			"JQAAwH9gFXJmKNz_QDD4BA",
			"FR4YOhiSA4xBAggQxH8BHEgYAISg-QMB",
			"bwAAPHFQCmAZEEGqAREAMAsAAB4C",
			"cjwOC0IAEsAZAMAcBEgwCOAMHEjqCY4",
			"cQdIAbMBB8YbJkAMBgIAAABg8QAwBAA0CAQ",
			"fwAAAAYHCRmDCxFFQBcEsTQPoCNCOCkJwnBF",
			"dEDAFziQAsQU_HUORUhAMIwQQAACAkYE",
			"S5K8-8cGSnACApAB0jgMhAFDCCQIAQ",
			"KEH6GD5ABwBEoBgwAAAAAO7AAUCEAGi9RA",
			"mUDAAyAwvusNzALAAQAAAAAADAAAYBg",
			"XAD8YAgHEAQAIDAAAAAAYAAHABI",
			"mWgAAbAU-ocAgfNAAIAYCAAAAHhQkQAM",
			"gYA7qvJHxoCACXAAQHsA28IgwD-U4mUCQAw",
			"jgAciBgAdMY__DoSSgAAAAAIQYkGfxg",
			"Ttj48M0GPACQgMJwkAMBYABAFAIkCQBI",
			"Y4GCBAxANgQgAnCABUqcwARqAJAwAQ",
			"XpIgSJB0ABzmoWMBLFFC-gACyFX1AgE",
			"agIAAB7Hlx4MCMABbtCziA4YAGS752E4",
			"IwAAAQAAIACCoy0CAIABBAAAgCDABw",
			"IhgILAQQBXBwEBnHERkADiQAwFfXeAAABg",
			"VJD6w1cFJQSIHxIwBgMCBlQAQECCCw",
			"TkBhwAEAYOCGGYgB0HEB6JOAQAMkCAgQ",
			"mQAwh5ZVPuBAgSHGCKixs2F9CAAAsgI",
			"HAAAAAYCMAR9DhQHBpeIBAYQ4MMEiDEE",
			"OAAQQAD4ATE4vwYQCAQOgAEeBQIACw",
			"HUEAAAAAAiEaIAAGMALgg2ACACRA",
			"YkDicI84DjxMGtAsIIDABwoIcAYBJAAwEDA",
			"ecCAeykvI9PjDRAM",
			"V8ABAGheltPJIqMAAUCCeUAAAACAiA",
			"hQAAAAAA5X8P4PkJRkgw",
			"k5IwAzAMBOABAOCAAIAZuwEgYBgqCQ",
			"VkEyIAAMAlrIIOMgAIoAO0kAIhEJ4DEK",
			"FAAYcAGrAAcgzsUoTkBIGJ4YBBA_qa4wBQ",
			"MITYQH1gUIgBAEAEwnDYkAAAGAI",
			"bw0IVKt8imgcdgyh4gEJLIoAyZaVCA",
			"ZwHhIZ1Ujo4fjCAEMOGMIcwSGQEEEAg",
			"SRhF81PAAAbggAEQ",
			"kAAhgADmqYACAAMAAICIIAAAAAAA_BA",
			"EAAAJAA4CPBAAAwwxAaADM0ACIBgCAE",
			"DgAQAENh95ibwuMAYEMIaOVAOBC6AgQ",
			"QzDWZEQIggRkuAAgGAgAgXgQwEAQYiY",
			"WwAgAAIHhkwEYAAAAFYBCCAAJBBxBg",
			"MQAA8AH_YTkADpDx7xkcgOCP",
			"HwwAAgAAEDoBBmymLkxELhNACACAsg",
			"KQDAuHPwShXEyIQDoQHnIQAYngkC8hkO",
			"OgkQbAB8gPBvEA2IhxCAQ6IlEHDNAAg",
			"cxXcCwEOAUQ6wMkECFByABCQIogGAg",
			"mIABAIAQ_OEhXCQPAwgF-1AFEAACSWCYsA",
			"iwBFyk8NIAEPsfoTWpqmAATAAwCRDAED",
			"fgAAAIHBgYCAAREEAQSOAYBjQODAcospSHI",
			"URSdIW8CDxAACMgAFAAAHgBAtQgg",
			"jkIMCBgAplBzcAELBACYABQIA4AAcQw",
			"HADAIAAAyOInqPCGBgMGAAYQAIA4ADAE",
			"dEjwHEdAYGAcgG0AAGxwMM6CgFxAEA",
			"ZoQAnQkEjgcCDDDcAwIABIAABIA",
			"TSA8Ij2FQS6BlpCRVkNjGAxOAAAAgHsQ8Ke8Ag",
			"JwZwHnDEEpEADIZAYGADdAKgEiES0A",
			"k4AFD4FxDuExwIBPQMkNuVAgAIACcg0",
			"SVQ_eJ_BDlAABASAAAMBIIA",
			"nGgBRUDofsZhgMBEZ9gJQQIOqAEAgg",
			"NwyeKQSYgRiMiSBYAAgaLOKtlxBM4QDh",
			"EFh4AADAATA5DgSM6wIAAgg4AJg",
			"mRDAgIYBvMEBzSBwCA2DwWcWYBAIlAE",
			"RMwqMIYyEhCx5ATGADgAAAAAACA",
			"LhC4DOdgioAVBNbBPAABrgAAkJgwADgC",
			"TsA_wAEEIIuNgCBAAAMCgzFJBECCIRpQ",
			"VQAeeKNPhMZDMOAAJAAC",
			"jaBM6QkHaQAa-AIBBBgTGjgLwDtAUJs",
			"mAC8m7RlDsrfRPADQIEYOEJP0gCIDAAwDg",
			"jsAECA4g4gBf_goajBKJMRwIgaECaA8",
			"U8D9cwME4YLXAQJAABAAAFAEKAQJAA8",
			"iABAgEhWNU8CAQAAAICQEAgAwGAKAjA",
			"hAiDCY6PwMHhCXgIAotvgBAHgDAKf5cJgIg",
			"jQCpu2mHOAMPwAACAEIQEABZgJ8AUgM",
			"EuIOcAuMDrgSigEA7JKrIDBggIA4kZJiKA",
			"LMIYXB1jUyIQAODn8ES-CAQYBIsQmOEY",
			"RSgkxkcaBkJkxFgSCVAH4WhgCJxhoSA_Cg",
			"mUgAAQMAhMg_8wHDMQgHEQAAYAgCENkK",
			"TpIc2bkACmmAmpZY1uyBgAMIACEQgBAB",
			"HwgAoMagiIB5AgASAsMwPrDAnIAQaA",
			"GG3UJEQHB4AamBFwxGcMAMAAAQBIon8TAAE",
			"PAAW-AeAARATDiAyIAAGPwAJDAAAEAgEkpgB",
			"WAgAQoMBiAnGYAImAgACWAABhADAAEA",
			"TMQx4EUCGO0MSsgAgcAgDAIAkAACBA",
			"EyACZJgFCVCKgVhwRrMwEoICAbAgEoA",
			"bCBCgg8ADAYaAvCHNoYIVMIQAEAAhg",
			"NQAAYQ_4gTAwoghXLAMCYAAAZMQQQIAAAAE",
			"KBHgwP5AJ4wjHAAAgBEAZAhAAGAAIQg",
			"IgAAAAAABEAKCBgDPhZ1QAAACECEYQE",
			"URgl9CHEIcKDsFEAAAMCRAIAAARk",
			"GQAAwEAgCNAADhgCAg7AAw",
			"KQAAsvP7WQQACAAAwRKAABE6jmsBADBwGA",
			"NgUI2D8ggBQ8MACNaTEafgIgHMAiBAeBokWmAQ",
			"GgAIIIYAeCA2BumjK4P2hAGQIKAATMBsAQ",
			"GhhIAAAACDIAAoWCIAcuMECAGAQAQGAQAg",
			"eYBBXaGnotLmDfgyAJ9_xYnD",
			"Qo4EBmCoOgsgBKmCToZBiEQg8AAAQAwC",
			"LQAgMHlAEGYBDIKuSYBIAADUAg",
			"VJZx0NXDSgDAjooQWUAAHAAAAAiR",
			"LaBCsHllloQRCELDUASxtQoBABg",
			"QcANGqA4EC3wIZMSaCCBiAEA4AMAABA",
			"N4EECkcYEBGTA4AJIAQCgMADByAtIZIR",
			"jIAAAACDoAEDxgAAAAjRETgCAAhgCEA",
			"eYCAEYGHgoLiHfAUgAcwAQ",
			"jCBBQIAGIQJrhHCCs2DEETQYAAJQCBwB",
			"Y4EGHpkGMhZYH7QsxyrXsOIgBEIkAQ",
			"kAAAgAEEIG4qQIYTCBCgAAYAxCv_EAE",
			"kYCAA6cV-sPx4QDnAAgHAg",
			"XAgASSAlwEEavPEzCwA0RwcAwJhiLAE",
			"WwgAjEPjBgHFYYgiBGgARQAAP5URIgQIAg",
			"YcDiz5u7nIQECUhAAhAgAAE",
			"dQAYROwkFsEDBh005ExgIAAwANCeEAAD",
			"GhjPsGCCGfPIJCDnKjbkMyLiAQARCsASAg",
			"SYqr859BBzrAnASwAAMBYA",
			"QRAcQM8gEIy6NLNCG4IBiCEAAAwBVAvwhQQ",
			"YQAAAR1fFxUBAhCAAAc",
			"gwAAkQEDCBACBAhgCBkGFCgAAAQw",
			"lAAADES9uoM7gTicAAgjTcAAYII",
			"WwA-QQI5BEZcIII40J-gV14AcpAZo8AuEQ",
			"cwQBAWUgAlA6wNgAAEAEAACY",
			"ZxAGCggsDgAAAAAAAAAAAAAAgIQF",
			"HVxgACCADzB4QrDnDAKB80shYAAIwQ",
			"MwEAYIB_QBATAogBpBQDcIIhAABwJgANgw",
			"XAAACCBgQPAPMKABBgJYf4YAAJoAEg",
			"eIchZ0ww-PBTMPEuMSiAzwABHCE",
			"MASBHHxhEDMEAACAABgATAAAmoA",
			"SEFUAPS4Mi2wwbCAGZSAGQABIAMADZgD",
			"KgICOrzgEJEAGNwl-CTAmgECoAAQFA",
			"MgNwwABoADAgMdwJhASG8AAAACcACAQ",
			"ZQCKnQgCBAQgAhHVCzbJHwaIAv9AAADQCQ",
			"TfW9wAMCyeEoUobAAAoAAAgG0CBxAM5ShQ8EAg",
			"KwnSkX1A44RH4QigBAADACUAAAEkCWA",
			"J4BWE_DFagCgSNIYEBEQAQCxSAEBBwE",
			"MQwc8Ae7ATGwDwH3cAQCdPwB",
			"XJI8nFqhAHByML3whTCA-8YFRqhOJw",
			"VDF8MKeAMhAABAAAgJNCBgQAAAAP",
			"K7yDPJxHcABFARgLUGr-BIsQwtBAMAM",
			"j4AADIgAYAZKBBIQAgAAIAAAAAAAAAg",
			"D8APIFUACoAAkAkAZM8Y2FwA4BEAAAAD",
			"TwA_AAcDNCIBgAAQAABABAQAAABAxKFh",
			"hkJQrhgm5xrgjBQAAAiUOHwAwAovIw",
			"XQBkaGoMEBAOYMABImABAAAAAGXEAQgB",
			"fwEAgISFxsDg4wQAhjAfgAAFAPAnKQghEEEB",
			"Srg9o8cBghEGBISBAAYGhEEwABzAAABDWg",
			"h-wAgQHkJWPq_ZoAEICBKTAGAAAQIEg",
			"NAEA2E8SgDx5Q6j6IQQigMCzEHwjCAAchAg",
			"m4ABDxAA-oUFADSd0QECuntIQMPudhbhAG8",
			"bxDgJCeOAcQBECAuQAYGAgMA0J4I",
			"WYDDLCRhlMxC8BIGQP0UccwAICBMDGImAg",
			"kQAAACAM_Pkh5MFHoMkxvwAF",
			"ZyCeiw9EFioOMrDJJA4xAtBB-OQE",
			"NQEAYAAIADEwAAAAAAAAAAIgAAMAAIQ",
			"EUgGYU0AiAlaiIkxQG4YjpoA-AtKVPaETAI",
			"TJH9oYECjCqEWIAAGogIEAMAACAK",
			"ZfBuEFxQJjwEoJQhAIDBBgwQ4acCCIIIlgQ",
			"gICHEYHBjJYHEcA6ACHMiQAAABkAggQb",
			"NkFgwAEAABQXiHVwbyEGcAAADkI3JQGBoEQh",
			"S7Ce-HWCWECNiAAAAAUFIAAAADQIAQ",
			"J0gC-ANEMDcBAAAGDAgAAgIAAYQBJA",
			"kxKIA0Yu-OMwyCABAMgZv0cuYIACgCg",
			"GQAOjEAgHMABCBwCAg7QBxA",
			"GgAAAAfzu3IeFpyCxgOwxTCSAABFIgAF",
			"hgAAgQCEswIMeACCACAAAAAUgAcE",
			"OAAA4AcIADAArBYYawECQOABBCQTBAg",
			"fAICEQsHg5cDAfgjAAtAQoBLAINAiABw",
			"QKwAHIBgOADwuKgBP2CAB0ARgAUEeAdI",
			"KwACE_DkmgIAKAgYABiABucEgA",
			"GgJJKAHA22B7kmQyBBchGEDGDQDEWLkFAg",
			"UqK_kZNAAnKAkJgQV3SsGAIABJCAAQDAgwEC",
			"kQAAAIAt_c7x_IXHJ4wxAQ",
			"DRV8gAG-AXiAATwQxIMdcODgAg",
			"ZQSD3BkkMDAQQIAPQIAiBhVM4h-VAQE",
			"FYcAMAAEgAEAGIEJ5hFLFx4BCIOgBFCc",
			"gSBERK3lpMHuDRAFkBPEoABAcBIUYiSkAA4",
			"gYAAAbKjpsTmFVA-SAoa4bNGAL8QkIBADA",
			"RQEEAED-Ehws8EBAOAAHmAABKAMnob9DAw",
			"dFwMBADMBXwDEAkKCQEcOI5CESgCAAY",
			"hkCjwVtEJAAKAIIRLycHGCgYQAEPBA",
			"NAkc-ANbQBKaeQAhYAgAMHAHBvhkRgCcNQQ",
			"NQEAuZ8vAjpPoAKQYGhcAn4GBtAS4BgAgA",
			"g4BhEQyH7nbAgRjwDYgNCBhYAAIikBc",
			"jACAiQsB4BDbdhAGUoDCACQPjARZCJk",
			"XgDFQCTCAQJAIP6JAiDq4eABAKAo8QA6",
			"JwCAESRMAwAjCAQAAAAAAAIAAIAAgAM",
			"g9EhcS8BKdDEGwFEMDgQAoQQAAgEgAI",
			"QwgLDgAAOBhgIAAAwABDmwkVCIgIAAAQ",
			"ewAAgIELAAQEAABAMBhwAAQUANDoAQEQ"
		],
		"timed tests": [
			1146.1555999999998,
			"fAAAiIHBivLm4yEgARogEAAAKBhgiA0",
			"UoQH4IdnQAKDocJQRMzAFM4CDJCEIjAAEcoI",
			"gwABh43jgfZkaRJWsDgQBgUTAAAggAI",
			"ciJAIAMAEMAfAElMBEh-MEgD9IiIhANADA",
			"kQC4AbM1_oJ4wADBJ4iRu0c",
			"XhBGMAQwZsCI8ewhioAGYAAARP0xAgCA",
			"eQAAEIHHgpICDRA-ABsAAgQMAQ",
			"IkBAAAAAgIA7wKjiKAZgsAQAACSCQAAABA",
			"FxBAgCCgCugSAikIYkcIGAgOBABA",
			"chDgOAAAAMAAAAwMBEg8BhKAAAGABIAB",
			"dACc5IsEgUce8C1IASEAg0BWCAYIBQ",
			"M9gnfxyY4RCDKMUWlhAyKOKBB6B2JmYASw",
			"JQAAwH9gFXJmKNz_QDD4BA",
			"FR4YOhiSA4xBAggQxH8BHEgYAISg-QMB",
			"bwAAPHFQCmAZEEGqAREAMAsAAB4C",
			"cjwOC0IAEsAZAMAcBEgwCOAMHEjqCY4",
			"cQdIAbMBB8YbJkAMBgIAAABg8QAwBAA0CAQ",
			"fwAAAAYHCRmDCxFFQBcEsTQPoCNCOCkJwnBF",
			"dEDAFziQAsQU_HUORUhAMIwQQAACAkYE",
			"S5K8-8cGSnACApAB0jgMhAFDCCQIAQ",
			"KEH6GD5ABwBEoBgwAAAAAO7AAUCEAGi9RA",
			"mUDAAyAwvusNzALAAQAAAAAADAAAYBg",
			"XAD8YAgHEAQAIDAAAAAAYAAHABI",
			"mWgAAbAU-ocAgfNAAIAYCAAAAHhQkQAM",
			"gYA7qvJHxoCACXAAQHsA28IgwD-U4mUCQAw",
			"jgAciBgAdMY__DoSSgAAAAAIQYkGfxg",
			"Ttj48M0GPACQgMJwkAMBYABAFAIkCQBI",
			"Y4GCBAxANgQgAnCABUqcwARqAJAwAQ",
			"XpIgSJB0ABzmoWMBLFFC-gACyFX1AgE",
			"agIAAB7Hlx4MCMABbtCziA4YAGS752E4",
			"IwAAAQAAIACCoy0CAIABBAAAgCDABw",
			"IhgILAQQBXBwEBnHERkADiQAwFfXeAAABg",
			"VJD6w1cFJQSIHxIwBgMCBlQAQECCCw",
			"TkBhwAEAYOCGGYgB0HEB6JOAQAMkCAgQ",
			"mQAwh5ZVPuBAgSHGCKixs2F9CAAAsgI",
			"HAAAAAYCMAR9DhQHBpeIBAYQ4MMEiDEE",
			"OAAQQAD4ATE4vwYQCAQOgAEeBQIACw",
			"HUEAAAAAAiEaIAAGMALgg2ACACRA",
			"YkDicI84DjxMGtAsIIDABwoIcAYBJAAwEDA",
			"ecCAeykvI9PjDRAM",
			"V8ABAGheltPJIqMAAUCCeUAAAACAiA",
			"hQAAAAAA5X8P4PkJRkgw",
			"k5IwAzAMBOABAOCAAIAZuwEgYBgqCQ",
			"VkEyIAAMAlrIIOMgAIoAO0kAIhEJ4DEK",
			"FAAYcAGrAAcgzsUoTkBIGJ4YBBA_qa4wBQ",
			"MITYQH1gUIgBAEAEwnDYkAAAGAI",
			"bw0IVKt8imgcdgyh4gEJLIoAyZaVCA",
			"ZwHhIZ1Ujo4fjCAEMOGMIcwSGQEEEAg",
			"SRhF81PAAAbggAEQ",
			"kAAhgADmqYACAAMAAICIIAAAAAAA_BA",
			"EAAAJAA4CPBAAAwwxAaADM0ACIBgCAE",
			"DgAQAENh95ibwuMAYEMIaOVAOBC6AgQ",
			"QzDWZEQIggRkuAAgGAgAgXgQwEAQYiY",
			"WwAgAAIHhkwEYAAAAFYBCCAAJBBxBg",
			"MQAA8AH_YTkADpDx7xkcgOCP",
			"HwwAAgAAEDoBBmymLkxELhNACACAsg",
			"KQDAuHPwShXEyIQDoQHnIQAYngkC8hkO",
			"OgkQbAB8gPBvEA2IhxCAQ6IlEHDNAAg",
			"cxXcCwEOAUQ6wMkECFByABCQIogGAg",
			"mIABAIAQ_OEhXCQPAwgF-1AFEAACSWCYsA",
			"iwBFyk8NIAEPsfoTWpqmAATAAwCRDAED",
			"fgAAAIHBgYCAAREEAQSOAYBjQODAcospSHI",
			"URSdIW8CDxAACMgAFAAAHgBAtQgg",
			"jkIMCBgAplBzcAELBACYABQIA4AAcQw",
			"HADAIAAAyOInqPCGBgMGAAYQAIA4ADAE",
			"dEjwHEdAYGAcgG0AAGxwMM6CgFxAEA",
			"ZoQAnQkEjgcCDDDcAwIABIAABIA",
			"TSA8Ij2FQS6BlpCRVkNjGAxOAAAAgHsQ8Ke8Ag",
			"JwZwHnDEEpEADIZAYGADdAKgEiES0A",
			"k4AFD4FxDuExwIBPQMkNuVAgAIACcg0",
			"SVQ_eJ_BDlAABASAAAMBIIA",
			"nGgBRUDofsZhgMBEZ9gJQQIOqAEAgg",
			"NwyeKQSYgRiMiSBYAAgaLOKtlxBM4QDh",
			"EFh4AADAATA5DgSM6wIAAgg4AJg",
			"mRDAgIYBvMEBzSBwCA2DwWcWYBAIlAE",
			"RMwqMIYyEhCx5ATGADgAAAAAACA",
			"LhC4DOdgioAVBNbBPAABrgAAkJgwADgC",
			"TsA_wAEEIIuNgCBAAAMCgzFJBECCIRpQ",
			"VQAeeKNPhMZDMOAAJAAC",
			"jaBM6QkHaQAa-AIBBBgTGjgLwDtAUJs",
			"mAC8m7RlDsrfRPADQIEYOEJP0gCIDAAwDg",
			"jsAECA4g4gBf_goajBKJMRwIgaECaA8",
			"U8D9cwME4YLXAQJAABAAAFAEKAQJAA8",
			"iABAgEhWNU8CAQAAAICQEAgAwGAKAjA",
			"hAiDCY6PwMHhCXgIAotvgBAHgDAKf5cJgIg",
			"jQCpu2mHOAMPwAACAEIQEABZgJ8AUgM",
			"EuIOcAuMDrgSigEA7JKrIDBggIA4kZJiKA",
			"LMIYXB1jUyIQAODn8ES-CAQYBIsQmOEY",
			"RSgkxkcaBkJkxFgSCVAH4WhgCJxhoSA_Cg",
			"mUgAAQMAhMg_8wHDMQgHEQAAYAgCENkK",
			"TpIc2bkACmmAmpZY1uyBgAMIACEQgBAB",
			"HwgAoMagiIB5AgASAsMwPrDAnIAQaA",
			"GG3UJEQHB4AamBFwxGcMAMAAAQBIon8TAAE",
			"PAAW-AeAARATDiAyIAAGPwAJDAAAEAgEkpgB",
			"WAgAQoMBiAnGYAImAgACWAABhADAAEA",
			"TMQx4EUCGO0MSsgAgcAgDAIAkAACBA",
			"EyACZJgFCVCKgVhwRrMwEoICAbAgEoA",
			"bCBCgg8ADAYaAvCHNoYIVMIQAEAAhg",
			"NQAAYQ_4gTAwoghXLAMCYAAAZMQQQIAAAAE",
			"KBHgwP5AJ4wjHAAAgBEAZAhAAGAAIQg",
			"IgAAAAAABEAKCBgDPhZ1QAAACECEYQE",
			"URgl9CHEIcKDsFEAAAMCRAIAAARk",
			"GQAAwEAgCNAADhgCAg7AAw",
			"KQAAsvP7WQQACAAAwRKAABE6jmsBADBwGA",
			"NgUI2D8ggBQ8MACNaTEafgIgHMAiBAeBokWmAQ",
			"GgAIIIYAeCA2BumjK4P2hAGQIKAATMBsAQ",
			"GhhIAAAACDIAAoWCIAcuMECAGAQAQGAQAg",
			"eYBBXaGnotLmDfgyAJ9_xYnD",
			"Qo4EBmCoOgsgBKmCToZBiEQg8AAAQAwC",
			"LQAgMHlAEGYBDIKuSYBIAADUAg",
			"VJZx0NXDSgDAjooQWUAAHAAAAAiR",
			"LaBCsHllloQRCELDUASxtQoBABg",
			"QcANGqA4EC3wIZMSaCCBiAEA4AMAABA",
			"N4EECkcYEBGTA4AJIAQCgMADByAtIZIR",
			"jIAAAACDoAEDxgAAAAjRETgCAAhgCEA",
			"eYCAEYGHgoLiHfAUgAcwAQ",
			"jCBBQIAGIQJrhHCCs2DEETQYAAJQCBwB",
			"Y4EGHpkGMhZYH7QsxyrXsOIgBEIkAQ",
			"kAAAgAEEIG4qQIYTCBCgAAYAxCv_EAE",
			"kYCAA6cV-sPx4QDnAAgHAg",
			"XAgASSAlwEEavPEzCwA0RwcAwJhiLAE",
			"WwgAjEPjBgHFYYgiBGgARQAAP5URIgQIAg",
			"YcDiz5u7nIQECUhAAhAgAAE",
			"dQAYROwkFsEDBh005ExgIAAwANCeEAAD",
			"GhjPsGCCGfPIJCDnKjbkMyLiAQARCsASAg",
			"SYqr859BBzrAnASwAAMBYA",
			"QRAcQM8gEIy6NLNCG4IBiCEAAAwBVAvwhQQ",
			"YQAAAR1fFxUBAhCAAAc",
			"gwAAkQEDCBACBAhgCBkGFCgAAAQw",
			"lAAADES9uoM7gTicAAgjTcAAYII",
			"WwA-QQI5BEZcIII40J-gV14AcpAZo8AuEQ",
			"cwQBAWUgAlA6wNgAAEAEAACY",
			"ZxAGCggsDgAAAAAAAAAAAAAAgIQF",
			"HVxgACCADzB4QrDnDAKB80shYAAIwQ",
			"MwEAYIB_QBATAogBpBQDcIIhAABwJgANgw",
			"XAAACCBgQPAPMKABBgJYf4YAAJoAEg",
			"eIchZ0ww-PBTMPEuMSiAzwABHCE",
			"MASBHHxhEDMEAACAABgATAAAmoA",
			"SEFUAPS4Mi2wwbCAGZSAGQABIAMADZgD",
			"KgICOrzgEJEAGNwl-CTAmgECoAAQFA",
			"MgNwwABoADAgMdwJhASG8AAAACcACAQ",
			"ZQCKnQgCBAQgAhHVCzbJHwaIAv9AAADQCQ",
			"TfW9wAMCyeEoUobAAAoAAAgG0CBxAM5ShQ8EAg",
			"KwnSkX1A44RH4QigBAADACUAAAEkCWA",
			"J4BWE_DFagCgSNIYEBEQAQCxSAEBBwE",
			"MQwc8Ae7ATGwDwH3cAQCdPwB",
			"XJI8nFqhAHByML3whTCA-8YFRqhOJw",
			"VDF8MKeAMhAABAAAgJNCBgQAAAAP",
			"K7yDPJxHcABFARgLUGr-BIsQwtBAMAM",
			"j4AADIgAYAZKBBIQAgAAIAAAAAAAAAg",
			"D8APIFUACoAAkAkAZM8Y2FwA4BEAAAAD",
			"TwA_AAcDNCIBgAAQAABABAQAAABAxKFh",
			"hkJQrhgm5xrgjBQAAAiUOHwAwAovIw",
			"XQBkaGoMEBAOYMABImABAAAAAGXEAQgB",
			"fwEAgISFxsDg4wQAhjAfgAAFAPAnKQghEEEB",
			"Srg9o8cBghEGBISBAAYGhEEwABzAAABDWg",
			"h-wAgQHkJWPq_ZoAEICBKTAGAAAQIEg",
			"NAEA2E8SgDx5Q6j6IQQigMCzEHwjCAAchAg",
			"m4ABDxAA-oUFADSd0QECuntIQMPudhbhAG8",
			"bxDgJCeOAcQBECAuQAYGAgMA0J4I",
			"WYDDLCRhlMxC8BIGQP0UccwAICBMDGImAg",
			"kQAAACAM_Pkh5MFHoMkxvwAF",
			"ZyCeiw9EFioOMrDJJA4xAtBB-OQE",
			"NQEAYAAIADEwAAAAAAAAAAIgAAMAAIQ",
			"EUgGYU0AiAlaiIkxQG4YjpoA-AtKVPaETAI",
			"TJH9oYECjCqEWIAAGogIEAMAACAK",
			"ZfBuEFxQJjwEoJQhAIDBBgwQ4acCCIIIlgQ",
			"gICHEYHBjJYHEcA6ACHMiQAAABkAggQb",
			"NkFgwAEAABQXiHVwbyEGcAAADkI3JQGBoEQh",
			"S7Ce-HWCWECNiAAAAAUFIAAAADQIAQ",
			"J0gC-ANEMDcBAAAGDAgAAgIAAYQBJA",
			"kxKIA0Yu-OMwyCABAMgZv0cuYIACgCg",
			"GQAOjEAgHMABCBwCAg7QBxA",
			"GgAAAAfzu3IeFpyCxgOwxTCSAABFIgAF",
			"hgAAgQCEswIMeACCACAAAAAUgAcE",
			"OAAA4AcIADAArBYYawECQOABBCQTBAg",
			"fAICEQsHg5cDAfgjAAtAQoBLAINAiABw",
			"QKwAHIBgOADwuKgBP2CAB0ARgAUEeAdI",
			"KwACE_DkmgIAKAgYABiABucEgA",
			"GgJJKAHA22B7kmQyBBchGEDGDQDEWLkFAg",
			"UqK_kZNAAnKAkJgQV3SsGAIABJCAAQDAgwEC",
			"kQAAAIAt_c7x_IXHJ4wxAQ",
			"DRV8gAG-AXiAATwQxIMdcODgAg",
			"ZQSD3BkkMDAQQIAPQIAiBhVM4h-VAQE",
			"FYcAMAAEgAEAGIEJ5hFLFx4BCIOgBFCc",
			"gSBERK3lpMHuDRAFkBPEoABAcBIUYiSkAA4",
			"gYAAAbKjpsTmFVA-SAoa4bNGAL8QkIBADA",
			"RQEEAED-Ehws8EBAOAAHmAABKAMnob9DAw",
			"dFwMBADMBXwDEAkKCQEcOI5CESgCAAY",
			"hkCjwVtEJAAKAIIRLycHGCgYQAEPBA",
			"NAkc-ANbQBKaeQAhYAgAMHAHBvhkRgCcNQQ",
			"NQEAuZ8vAjpPoAKQYGhcAn4GBtAS4BgAgA",
			"g4BhEQyH7nbAgRjwDYgNCBhYAAIikBc",
			"jACAiQsB4BDbdhAGUoDCACQPjARZCJk",
			"XgDFQCTCAQJAIP6JAiDq4eABAKAo8QA6",
			"JwCAESRMAwAjCAQAAAAAAAIAAIAAgAM",
			"g9EhcS8BKdDEGwFEMDgQAoQQAAgEgAI",
			"QwgLDgAAOBhgIAAAwABDmwkVCIgIAAAQ",
			"ewAAgIELAAQEAABAMBhwAAQUANDoAQEQ",
			1044.7423999999999
		]
	}
}
